exports[`test say hi! 1`] = `
<span>
  <img
    onError={[Function]}
    onLoad={[Function]}
    src="" />
</span>
`;
